root@lamp-ubuntu-s-1vcpu-1gb-tor1-01:~# tcpdump -D
1.eth0 [Up, Running]
2.eth1 [Up, Running]
3.lo [Up, Running, Loopback]
4.any (Pseudo-device that captures on all interfaces) [Up, Running]
5.bluetooth-monitor (Bluetooth Linux Monitor) [none]
6.nflog (Linux netfilter log (NFLOG) interface) [none]
7.nfqueue (Linux netfilter queue (NFQUEUE) interface) [none]
root@lamp-ubuntu-s-1vcpu-1gb-tor1-01:~# 
root@lamp-ubuntu-s-1vcpu-1gb-tor1-01:~#  1.eth0
1.eth0: command not found
root@lamp-ubuntu-s-1vcpu-1gb-tor1-01:~# 2.eth1
2.eth1: command not found
root@lamp-ubuntu-s-1vcpu-1gb-tor1-01:~# 3.usbmon1 (USB bus number 1)
-bash: syntax error near unexpected token `USB'
root@lamp-ubuntu-s-1vcpu-1gb-tor1-01:~# 4.usbmon2 (USB bus number 2)
-bash: syntax error near unexpected token `USB'
root@lamp-ubuntu-s-1vcpu-1gb-tor1-01:~# 5.usbmon3 (USB bus number 3)
-bash: syntax error near unexpected token `USB'
root@lamp-ubuntu-s-1vcpu-1gb-tor1-01:~# 6.usbmon4 (USB bus number 4)
-bash: syntax error near unexpected token `USB'
root@lamp-ubuntu-s-1vcpu-1gb-tor1-01:~# 7.usbmon5 (USB bus number 5)
-bash: syntax error near unexpected token `USB'
root@lamp-ubuntu-s-1vcpu-1gb-tor1-01:~# 8.any (Pseudo-device that captures on all interfaces)
-bash: syntax error near unexpected token `Pseudo-device'
root@lamp-ubuntu-s-1vcpu-1gb-tor1-01:~# 9.lo